// Jest Snapshot v1, https://goo.gl/fbAQLP

exports[`should render ExpenseListItems 1`] = `
<div>
  <h3>
    rent
     
    <Link
      replace={false}
      to="/edit/1"
    >
      Edit
    </Link>
  </h3>
  <p>
    $1.00
     --
    December 31st, 1969
     --
  </p>
</div>
`;
